This is XeTeX, Version 3.1415926-2.3-0.9997.5 (MiKTeX 2.9) (preloaded format=xelatex 2025.11.5)  29 JAN 2026 15:27
entering extended mode
**sample-sigconf.tex
(C:\Users\LENOVO\Desktop\ITER论文texstudio\sample-sigconf.tex
LaTeX2e <2011/06/27>
Babel <v3.8m> and hyphenation patterns for loaded.
(C:\Users\LENOVO\Desktop\ITER论文texstudio\acmart.cls
Document Class: acmart 2025/08/27 v2.16 Typesetting articles for the Associatio
n for Computing Machinery
(d:\CTEX\MiKTeX\tex\latex\xkeyval\xkeyval.sty
Package: xkeyval 2008/08/13 v2.6a package option processing (HA)

(d:\CTEX\MiKTeX\tex\generic\xkeyval\xkeyval.tex
\XKV@toks=\toks14
\XKV@tempa@toks=\toks15
\XKV@depth=\count80
File: xkeyval.tex 2008/08/13 v2.6a key=value parser (HA)

(d:\CTEX\MiKTeX\tex\generic\xkeyval\keyval.tex)))
(d:\CTEX\MiKTeX\tex\latex\xstring\xstring.sty
(d:\CTEX\MiKTeX\tex\generic\xstring\xstring.tex
\@xs@message=\write3
\integerpart=\count81
\decimalpart=\count82
)
Package: xstring 2010/03/28  v1.5d  String manipulations (C Tellechea)
)
(d:\CTEX\MiKTeX\tex\latex\iftex\iftex.sty
Package: iftex 2010/07/25 v0.2 Provides if(tex) conditional for PDFTeX, XeTeX, 
and LuaTeX
)
Package acmart Info: Not using screen mode on input line 77.
Package acmart Info: Using breaking urls on hyphens on input line 85.
Package acmart Info: Requiring acmthm on input line 93.
Package acmart Info: Not using review mode on input line 102.
Package acmart Info: Not using authorversion mode on input line 110.
Package acmart Info: Not using nonacm mode on input line 122.
Package acmart Info: Explicitly selecting natbib mode on input line 138.
Package acmart Info: Not using anonymous mode on input line 146.
Package acmart Info: Not using timestamp mode on input line 154.
Package acmart Info: Not using authordraft mode on input line 164.
Package acmart Info: Using review mode on input line 179.
Class acmart Info: Using format sigconf, number 4 on input line 179.
Class acmart Info: Using fontsize 9pt on input line 281.

(d:\CTEX\MiKTeX\tex\latex\ams\classes\amsart.cls
Document Class: amsart 2009/07/02 v2.20.1
\linespacing=\dimen102
\normalparindent=\dimen103
\normaltopskip=\skip41
Requested font "cmr9" at 9.0pt
 -> cmr9
(d:\CTEX\MiKTeX\tex\latex\ams\math\amsmath.sty
Package: amsmath 2000/07/18 v2.13 AMS math features
\@mathmargin=\skip42

For additional information on amsmath, use the `?' option.
(d:\CTEX\MiKTeX\tex\latex\ams\math\amstext.sty
Package: amstext 2000/06/29 v2.01

(d:\CTEX\MiKTeX\tex\latex\ams\math\amsgen.sty
File: amsgen.sty 1999/11/30 v2.0
\@emptytoks=\toks16
\ex@=\dimen104
))
(d:\CTEX\MiKTeX\tex\latex\ams\math\amsbsy.sty
Package: amsbsy 1999/11/29 v1.2d
\pmbraise@=\dimen105
)
(d:\CTEX\MiKTeX\tex\latex\ams\math\amsopn.sty
Package: amsopn 1999/12/14 v2.01 operator names
)
\inf@bad=\count83
LaTeX Info: Redefining \frac on input line 211.
\uproot@=\count84
\leftroot@=\count85
LaTeX Info: Redefining \overline on input line 307.
\classnum@=\count86
\DOTSCASE@=\count87
LaTeX Info: Redefining \ldots on input line 379.
LaTeX Info: Redefining \dots on input line 382.
LaTeX Info: Redefining \cdots on input line 467.
\Mathstrutbox@=\box26
\strutbox@=\box27
\big@size=\dimen106
LaTeX Font Info:    Redeclaring font encoding OML on input line 567.
LaTeX Font Info:    Redeclaring font encoding OMS on input line 568.
\macc@depth=\count88
\c@MaxMatrixCols=\count89
\dotsspace@=\muskip10
\c@parentequation=\count90
\dspbrk@lvl=\count91
\tag@help=\toks17
\row@=\count92
\column@=\count93
\maxfields@=\count94
\andhelp@=\toks18
\eqnshift@=\dimen107
\alignsep@=\dimen108
\tagshift@=\dimen109
\tagwidth@=\dimen110
\totwidth@=\dimen111
\lineht@=\dimen112
\@envbody=\toks19
\multlinegap=\skip43
\multlinetaggap=\skip44
\mathdisplay@stack=\toks20
LaTeX Info: Redefining \[ on input line 2666.
LaTeX Info: Redefining \] on input line 2667.
)
LaTeX Font Info:    Try loading font information for U+msa on input line 388.

(d:\CTEX\MiKTeX\tex\latex\amsfonts\umsa.fd
File: umsa.fd 2009/06/22 v3.00 AMS symbols A
)
(d:\CTEX\MiKTeX\tex\latex\amsfonts\amsfonts.sty
Package: amsfonts 2009/06/22 v3.00 Basic AMSFonts support
\symAMSa=\mathgroup4
\symAMSb=\mathgroup5
LaTeX Font Info:    Overwriting math alphabet `\mathfrak' in version `bold'
(Font)                  U/euf/m/n --> U/euf/b/n on input line 96.
)
\copyins=\insert233
\abstractbox=\box28
\listisep=\skip45
\c@part=\count95
\c@section=\count96
\c@subsection=\count97
\c@subsubsection=\count98
\c@paragraph=\count99
\c@subparagraph=\count100
\c@figure=\count101
\c@table=\count102
\abovecaptionskip=\skip46
\belowcaptionskip=\skip47
\captionindent=\dimen113
\thm@style=\toks21
\thm@bodyfont=\toks22
\thm@headfont=\toks23
\thm@notefont=\toks24
\thm@headpunct=\toks25
\thm@preskip=\skip48
\thm@postskip=\skip49
\thm@headsep=\skip50
\dth@everypar=\toks26
)
(d:\CTEX\MiKTeX\tex\latex\microtype\microtype.sty
Package: microtype 2010/01/10 v2.4 Micro-typography with pdfTeX (RS)


Package microtype Warning: You don't seem to be using pdftex.
(microtype)                `microtype' only works with pdftex.
(microtype)                Try running `pdflatex' instead of `xelatex'.

) (d:\CTEX\MiKTeX\tex\latex\etoolbox\etoolbox.sty
Package: etoolbox 2011/01/03 v2.1 e-TeX tools for LaTeX

(d:\CTEX\MiKTeX\tex\latex\misc\etex.sty
Package: etex 1998/03/26 v2.0 eTeX basic definition package (PEB)
\et@xins=\count103
)
\etb@tempcnta=\count104
)
(d:\CTEX\MiKTeX\tex\latex\booktabs\booktabs.sty
Package: booktabs 2005/04/14 v1.61803 publication quality tables
\heavyrulewidth=\dimen114
\lightrulewidth=\dimen115
\cmidrulewidth=\dimen116
\belowrulesep=\dimen117
\belowbottomsep=\dimen118
\aboverulesep=\dimen119
\abovetopsep=\dimen120
\cmidrulesep=\dimen121
\cmidrulekern=\dimen122
\defaultaddspace=\dimen123
\@cmidla=\count105
\@cmidlb=\count106
\@aboverulesep=\dimen124
\@belowrulesep=\dimen125
\@thisruleclass=\count107
\@lastruleclass=\count108
\@thisrulewidth=\dimen126
)
(d:\CTEX\MiKTeX\tex\latex\oberdiek\refcount.sty
Package: refcount 2010/12/01 v3.2 Data extraction from references (HO)

(d:\CTEX\MiKTeX\tex\generic\oberdiek\ltxcmds.sty
Package: ltxcmds 2011/04/18 v1.20 LaTeX kernel commands for general use (HO)
)
(d:\CTEX\MiKTeX\tex\generic\oberdiek\infwarerr.sty
Package: infwarerr 2010/04/08 v1.3 Providing info/warning/message (HO)
))
(d:\CTEX\MiKTeX\tex\latex\totpages\totpages.sty
Package: totpages 2005/09/19 v2.00 Totpages Package (muewi)

(d:\CTEX\MiKTeX\tex\latex\ms\everyshi.sty
Package: everyshi 2001/05/15 v3.00 EveryShipout Package (MS)
))
(d:\CTEX\MiKTeX\tex\latex\environ\environ.sty
Package: environ 2008/06/18 v0.2 A new way to define environments
)
\@ACM@acmcp@delta=\dimen127

(d:\CTEX\MiKTeX\tex\latex\natbib\natbib.sty
Package: natbib 2010/09/13 8.31b (PWD, AO)
\bibhang=\skip51
\bibsep=\skip52
LaTeX Info: Redefining \cite on input line 694.
\c@NAT@ctr=\count109
)
(d:\CTEX\MiKTeX\tex\latex\hyperref\hyperref.sty
Package: hyperref 2012/02/06 v6.82o Hypertext links for LaTeX

(d:\CTEX\MiKTeX\tex\generic\oberdiek\hobsub-hyperref.sty
Package: hobsub-hyperref 2011/04/23 v1.4 Bundle oberdiek, subset hyperref (HO)

(d:\CTEX\MiKTeX\tex\generic\oberdiek\hobsub-generic.sty
Package: hobsub-generic 2011/04/23 v1.4 Bundle oberdiek, subset generic (HO)
Package: hobsub 2011/04/23 v1.4 Subsetting bundle oberdiek (HO)
Package hobsub Info: Skipping package `infwarerr' (already loaded).
Package hobsub Info: Skipping package `ltxcmds' (already loaded).
Package: ifluatex 2010/03/01 v1.3 Provides the ifluatex switch (HO)
Package ifluatex Info: LuaTeX not detected.
Package: ifvtex 2010/03/01 v1.5 Switches for detecting VTeX and its modes (HO)
Package ifvtex Info: VTeX not detected.
Package: intcalc 2007/09/27 v1.1 Expandable integer calculations (HO)
Package: ifpdf 2011/01/30 v2.3 Provides the ifpdf switch (HO)
Package ifpdf Info: pdfTeX in PDF mode is not detected.
Package: etexcmds 2011/02/16 v1.5 Prefix for e-TeX command names (HO)
Package etexcmds Info: Could not find \expanded.
(etexcmds)             That can mean that you are not using pdfTeX 1.50 or
(etexcmds)             that some package has redefined \expanded.
(etexcmds)             In the latter case, load this package earlier.
Package: kvsetkeys 2011/04/07 v1.13 Key value parser (HO)
Package: kvdefinekeys 2011/04/07 v1.3 Defining keys (HO)
Package: pdftexcmds 2011/04/22 v0.16 Utilities of pdfTeX for LuaTeX (HO)
Package pdftexcmds Info: LuaTeX not detected.
Package pdftexcmds Info: pdfTeX >= 1.30 not detected.
Package pdftexcmds Info: \pdf@primitive is available.
Package pdftexcmds Info: \pdf@ifprimitive is available.
Package pdftexcmds Info: \pdfdraftmode not found.
Package: pdfescape 2011/04/04 v1.12 Provides string conversions (HO)
Package: bigintcalc 2011/01/30 v1.2 Expandable big integer calculations (HO)
Package: bitset 2011/01/30 v1.1 Data type bit set (HO)
Package: uniquecounter 2011/01/30 v1.2 Provides unlimited unique counter (HO)
)
Package hobsub Info: Skipping package `hobsub' (already loaded).
Package: letltxmacro 2010/09/02 v1.4 Let assignment for LaTeX macros (HO)
Package: hopatch 2011/01/30 v1.0 Wrapper for package hooks (HO)
Package: xcolor-patch 2011/01/30 xcolor patch
Package: atveryend 2011/04/23 v1.7 Hooks at very end of document (HO)
Package: atbegshi 2011/01/30 v1.15 At begin shipout hook (HO)
Package hobsub Info: Skipping package `refcount' (already loaded).
Package: hycolor 2011/01/30 v1.7 Color options of hyperref/bookmark (HO)
)
(d:\CTEX\MiKTeX\tex\generic\ifxetex\ifxetex.sty
Package: ifxetex 2010/09/12 v0.6 Provides ifxetex conditional
)
(d:\CTEX\MiKTeX\tex\latex\oberdiek\kvoptions.sty
Package: kvoptions 2010/12/23 v3.10 Keyval support for LaTeX options (HO)
)
\@linkdim=\dimen128
\Hy@linkcounter=\count110
\Hy@pagecounter=\count111

(d:\CTEX\MiKTeX\tex\latex\hyperref\pd1enc.def
File: pd1enc.def 2012/02/06 v6.82o Hyperref: PDFDocEncoding definition (HO)
)
\Hy@SavedSpaceFactor=\count112

(d:\CTEX\MiKTeX\tex\latex\00miktex\hyperref.cfg
File: hyperref.cfg 2002/06/06 v1.2 hyperref configuration of TeXLive
)
Package hyperref Info: Option `bookmarksnumbered' set `true' on input line 3925
.
Package hyperref Info: Option `unicode' set `true' on input line 3925.

(d:\CTEX\MiKTeX\tex\latex\hyperref\puenc.def
File: puenc.def 2012/02/06 v6.82o Hyperref: PDF Unicode definition (HO)
)
Package hyperref Info: Hyper figures OFF on input line 4046.
Package hyperref Info: Link nesting OFF on input line 4051.
Package hyperref Info: Hyper index ON on input line 4054.
Package hyperref Info: Plain pages OFF on input line 4061.
Package hyperref Info: Backreferencing OFF on input line 4066.
Package hyperref Info: Implicit mode ON; LaTeX internals redefined.
Package hyperref Info: Bookmarks ON on input line 4284.
\c@Hy@tempcnt=\count113

(d:\CTEX\MiKTeX\tex\xelatex\xetexurl\url.sty
\Urlmuskip=\muskip11
Package: url 2004/03/15  ver 3.1  Verb mode for urls, etc.
)
LaTeX Info: Redefining \url on input line 4637.
\Fld@menulength=\count114
\Field@Width=\dimen129
\Fld@charsize=\dimen130
Package hyperref Info: Hyper figures OFF on input line 5757.
Package hyperref Info: Link nesting OFF on input line 5762.
Package hyperref Info: Hyper index ON on input line 5765.
Package hyperref Info: backreferencing OFF on input line 5772.
Package hyperref Info: Link coloring OFF on input line 5777.
Package hyperref Info: Link coloring with OCG OFF on input line 5782.
Package hyperref Info: PDF/A mode OFF on input line 5787.
LaTeX Info: Redefining \ref on input line 5827.
LaTeX Info: Redefining \pageref on input line 5831.
\Hy@abspage=\count115
\c@Item=\count116
\c@Hfootnote=\count117
)

Package hyperref Message: Driver (autodetected): hxetex.

(d:\CTEX\MiKTeX\tex\latex\hyperref\hxetex.def
File: hxetex.def 2012/02/06 v6.82o Hyperref driver for XeTeX

(d:\CTEX\MiKTeX\tex\generic\oberdiek\stringenc.sty
Package: stringenc 2010/03/01 v1.8 Converts strings between encodings (HO)
)
\pdfm@box=\box29
\c@Hy@AnnotLevel=\count118
\HyField@AnnotCount=\count119
\Fld@listcount=\count120
\c@bookmark@seq@number=\count121

(d:\CTEX\MiKTeX\tex\latex\oberdiek\rerunfilecheck.sty
Package: rerunfilecheck 2011/04/15 v1.7 Rerun checks for auxiliary files (HO)
Package rerunfilecheck Info: Feature \pdfmdfivesum is not available
(rerunfilecheck)             (e.g. pdfTeX or LuaTeX with package `pdftexcmds').

(rerunfilecheck)             Therefore file contents cannot be checked efficien
tly
(rerunfilecheck)             and the loading of the package is aborted.
)
\Hy@SectionHShift=\skip53
)
(d:\CTEX\MiKTeX\tex\latex\hyperxmp\hyperxmp.sty
Package: hyperxmp 2011/06/12 v1.4 Store hyperref metadata in XMP format
)
(d:\CTEX\MiKTeX\tex\latex\graphics\graphicx.sty
Package: graphicx 1999/02/16 v1.0f Enhanced LaTeX Graphics (DPC,SPQR)

(d:\CTEX\MiKTeX\tex\latex\graphics\graphics.sty
Package: graphics 2009/02/05 v1.0o Standard LaTeX Graphics (DPC,SPQR)

(d:\CTEX\MiKTeX\tex\latex\graphics\trig.sty
Package: trig 1999/03/16 v1.09 sin cos tan (DPC)
)
(d:\CTEX\MiKTeX\tex\latex\00miktex\graphics.cfg
File: graphics.cfg 2007/01/18 v1.5 graphics configuration of teTeX/TeXLive
)
Package graphics Info: Driver file: xetex.def on input line 91.

(d:\CTEX\MiKTeX\tex\xelatex\xetex-def\xetex.def
File: xetex.def 2009/11/22 v0.94 LaTeX color/graphics driver for XeTeX (RRM/JK)

))
\Gin@req@height=\dimen131
\Gin@req@width=\dimen132
)
(d:\CTEX\MiKTeX\tex\latex\xcolor\xcolor.sty
Package: xcolor 2007/01/21 v2.11 LaTeX color extensions (UK)

(d:\CTEX\MiKTeX\tex\latex\00miktex\color.cfg
File: color.cfg 2007/01/18 v1.5 color configuration of teTeX/TeXLive
)
Package xcolor Info: Driver file: xetex.def on input line 225.
Package xcolor Info: Model `cmy' substituted by `cmy0' on input line 1337.
Package xcolor Info: Model `RGB' extended on input line 1353.
Package xcolor Info: Model `HTML' substituted by `rgb' on input line 1355.
Package xcolor Info: Model `Hsb' substituted by `hsb' on input line 1356.
Package xcolor Info: Model `tHsb' substituted by `hsb' on input line 1357.
Package xcolor Info: Model `HSB' substituted by `hsb' on input line 1358.
Package xcolor Info: Model `Gray' substituted by `gray' on input line 1359.
Package xcolor Info: Model `wave' substituted by `hsb' on input line 1360.
)
(d:\CTEX\MiKTeX\tex\latex\geometry\geometry.sty
Package: geometry 2010/09/12 v5.6 Page Geometry
\Gm@cnth=\count122
\Gm@cntv=\count123
\c@Gm@tempcnt=\count124
\Gm@bindingoffset=\dimen133
\Gm@wd@mp=\dimen134
\Gm@odd@mp=\dimen135
\Gm@even@mp=\dimen136
\Gm@layoutwidth=\dimen137
\Gm@layoutheight=\dimen138
\Gm@layouthoffset=\dimen139
\Gm@layoutvoffset=\dimen140
\Gm@dimlist=\toks27

(d:\CTEX\MiKTeX\tex\xelatex\xetexconfig\geometry.cfg))
(d:\CTEX\MiKTeX\tex\latex\ncctools\manyfoot.sty
Package: manyfoot 2005/09/11 v1.10 Many Footnote Levels Package (NCC)

(d:\CTEX\MiKTeX\tex\latex\ncctools\nccfoots.sty
Package: nccfoots 2005/02/03 v1.2 NCC Footnotes Package (NCC)
)
\MFL@columnwidth=\dimen141
)
\footinsauthorsaddresses=\insert232
\c@footnoteauthorsaddresses=\count125
\footinscopyrightpermission=\insert231
\c@footnotecopyrightpermission=\count126


Class acmart Warning: You do not have the inconsolata (zi4.sty) package install
ed. Please upgrade your TeX on input line 857.


Class acmart Warning: You do not have the newtxmath package installed. Please u
pgrade your TeX on input line 860.

(d:\CTEX\MiKTeX\tex\latex\caption\caption.sty
Package: caption 2011/11/10 v3.2e Customizing captions (AR)

(d:\CTEX\MiKTeX\tex\latex\caption\caption3.sty
Package: caption3 2011/11/01 v1.4a caption3 kernel (AR)
\captionmargin=\dimen142
\captionmargin@=\dimen143
\captionwidth=\dimen144
\caption@indent=\dimen145
\caption@parindent=\dimen146
\caption@hangindent=\dimen147
)
Package caption Info: AMS or SMF document class.
\c@ContinuedFloat=\count127
Package caption Info: hyperref package is loaded.
)
(d:\CTEX\MiKTeX\tex\latex\float\float.sty
Package: float 2001/11/08 v1.3d Float enhancements (AL)
\c@float@type=\count128
\float@exts=\toks28
\float@box=\box30
\@float@everytoks=\toks29
\@floatcapt=\box31
)
\@float@every@sidebar=\toks30
\c@sidebar=\count129
\fulltextwidth=\dimen148
\@ACM@labelwidth=\dimen149
\listisep=\skip54
\num@authorgroups=\count130
\num@authors=\count131
\@ACM@badge@width=\skip55
\@ACM@title@width=\skip56
\@ACM@badge@skip=\skip57
Class acmart Info: Printing CCS on input line 1848.
Class acmart Info: Printing bibformat on input line 1848.
Class acmart Info: Suppressing folios on input line 1855.
Class acmart Info: Setting authorsperrow to 0 on input line 1858.

(d:\CTEX\MiKTeX\tex\latex\comment\comment.sty
\CommentStream=\write4
 Excluding comment 'comment')
Excluding comment 'CCSXML'
\c@@concepts=\count132
\mktitle@bx=\box32
\@ACM@acmcpbox=\box33
\@ACM@commabox=\box34
\author@bx=\box35
\author@bx@wd=\dimen150
\author@bx@sep=\skip58
 (d:\CTEX\MiKTeX\tex\latex\fancyhdr\fancyhdr.sty
\fancy@headwidth=\skip59
\f@ncyO@elh=\skip60
\f@ncyO@erh=\skip61
\f@ncyO@olh=\skip62
\f@ncyO@orh=\skip63
\f@ncyO@elf=\skip64
\f@ncyO@erf=\skip65
\f@ncyO@olf=\skip66
\f@ncyO@orf=\skip67
)
\ACM@linecount@bx=\box36
\ACM@linecount@bxht=\skip68
\ACM@linecount=\count133

Special comment 'acks') (d:\CTEX\MiKTeX\tex\latex\cite\cite.sty
LaTeX Info: Redefining \cite on input line 302.
LaTeX Info: Redefining \nocite on input line 373.
Package: cite 2010/09/10  v 5.3
)
(d:\CTEX\MiKTeX\tex\latex\amsfonts\amssymb.sty
Package: amssymb 2009/06/22 v3.00
)
(d:\CTEX\MiKTeX\tex\latex\algorithms\algorithmic.sty
Invalid UTF-8 byte or sequence at line 11 replaced by U+FFFD.
Package: algorithmic 2009/08/24 v0.1 Document Style `algorithmic'

(d:\CTEX\MiKTeX\tex\latex\base\ifthen.sty
Package: ifthen 2001/05/26 v1.1c Standard LaTeX ifthen package (DPC)
)
\c@ALC@unique=\count134
\c@ALC@line=\count135
\c@ALC@rem=\count136
\c@ALC@depth=\count137
\ALC@tlm=\skip69
\algorithmicindent=\skip70
)
(d:\CTEX\MiKTeX\tex\latex\algorithm2e\algorithm2e.sty
Invalid UTF-8 byte or sequence at line 322 replaced by U+FFFD.
Package: algorithm2e 2008/00/00 v3.10 algorithms environments
\c@AlgoLine=\count138
Invalid UTF-8 byte or sequence at line 778 replaced by U+FFFD.
Invalid UTF-8 byte or sequence at line 780 replaced by U+FFFD.

(d:\CTEX\MiKTeX\tex\latex\tools\xspace.sty
Package: xspace 2009/10/20 v1.13 Space after command names (DPC,MH)
)
(d:\CTEX\MiKTeX\tex\latex\ltxmisc\relsize.sty
Package: relsize 2003/07/04 ver 3.1


Package relsize Warning: Failed to get list of font sizes.
(relsize)                Falling back to old definition. on input line 81.

LaTeX Info: Redefining \larger on input line 218.
LaTeX Info: Redefining \smaller on input line 219.
)
********************************************************
Package `algorithm2e' Release 4.01 -- december 14 2009 --
- algorithm2e-announce@lirmm.fr mailing list for announcement about releases
- algorithm2e-discussion@lirmm.fr mailing list for discussion about package
subscribe by emailing sympa@lirmm.fr with 'subscribe <list> <firstname name>'
- Author: Christophe Fiorio (fiorio@lirmm.fr)
********************************************************
\skiptotal=\skip71
\skiplinenumber=\skip72
\skiprule=\skip73
\skiphlne=\skip74
\skiptext=\skip75
\skiplength=\skip76
\algomargin=\skip77
\skipalgocfslide=\skip78
\algowidth=\dimen151
\inoutsize=\dimen152
\inoutline=\dimen153
\interspacetitleruled=\dimen154
\interspacealgoruled=\dimen155
\interspacetitleboxruled=\dimen156
\algocf@inoutbox=\box37
\algocf@inputbox=\box38
\AlCapSkip=\skip79
\AlCapHSkip=\skip80
\algocf@nlbox=\box39
\algocf@hangingbox=\box40
\algocf@capbox=\box41
\algoheightruledefault=\skip81
\algoheightrule=\skip82
\algotitleheightruledefault=\skip83
\algotitleheightrule=\skip84
\c@algocfline=\count139
\c@algocfproc=\count140
\c@algocf=\count141
\algocf@algoframe=\box42
\algocf@algobox=\box43
Invalid UTF-8 byte or sequence at line 2420 replaced by U+FFFD.
Invalid UTF-8 byte or sequence at line 2501 replaced by U+FFFD.
Invalid UTF-8 byte or sequence at line 2509 replaced by U+FFFD.
Invalid UTF-8 byte or sequence at line 2509 replaced by U+FFFD.
Invalid UTF-8 byte or sequence at line 2532 replaced by U+FFFD.
Invalid UTF-8 byte or sequence at line 2584 replaced by U+FFFD.
Invalid UTF-8 byte or sequence at line 2592 replaced by U+FFFD.
Invalid UTF-8 byte or sequence at line 2592 replaced by U+FFFD.
) (d:\CTEX\MiKTeX\tex\latex\adjustbox\adjustbox.sty
Package: adjustbox 2011/11/14 v0.8 Adjusting TeX boxes (trim, clip, ...)

(d:\CTEX\MiKTeX\tex\latex\adjustbox\adjcalc.sty)
(d:\CTEX\MiKTeX\tex\latex\collectbox\collectbox.sty
Package: collectbox 2011/08/23 v0.4 Collect macro arguments as boxes
\collectedbox=\box44
)
\adjbox@tllx=\dimen157
\adjbox@tlly=\dimen158
\adjbox@turx=\dimen159
\adjbox@tury=\dimen160
\adjbox@Width=\dimen161
\adjbox@Height=\dimen162
\adjbox@Depth=\dimen163
\adjbox@Totalheight=\dimen164
Package adjustbox Info: Using driver 'adjxetex.def'. on input line 290.

(d:\CTEX\MiKTeX\tex\latex\adjustbox\adjxetex.def
File: adjpdftex.def 2011/11/14 v0.8 adjustbox clip driver for pdftex
)
(d:\CTEX\MiKTeX\tex\latex\ltxmisc\varwidth.sty
Package: varwidth 2009/03/30 ver 0.92;  Variable-width minipages
\@vwid@box=\box45
\sift@deathcycles=\count142
\@vwid@loff=\dimen165
\@vwid@roff=\dimen166
))
(d:\CTEX\MiKTeX\tex\latex\base\textcomp.sty
Package: textcomp 2005/09/27 v1.99g Standard LaTeX package
Package textcomp Info: Sub-encoding information:
(textcomp)               5 = only ISO-Adobe without \textcurrency
(textcomp)               4 = 5 + \texteuro
(textcomp)               3 = 4 + \textohm
(textcomp)               2 = 3 + \textestimated + \textcurrency
(textcomp)               1 = TS1 - \textcircled - \t
(textcomp)               0 = TS1 (full)
(textcomp)             Font families with sub-encoding setting implement
(textcomp)             only a restricted character set as indicated.
(textcomp)             Family '?' is the default used for unknown fonts.
(textcomp)             See the documentation for details.
Package textcomp Info: Setting ? sub-encoding to TS1/1 on input line 71.

(d:\CTEX\MiKTeX\tex\latex\base\ts1enc.def
File: ts1enc.def 2001/06/05 v3.0e (jk/car/fm) Standard LaTeX file
)
LaTeX Info: Redefining \oldstylenums on input line 266.
Package textcomp Info: Setting cmr sub-encoding to TS1/0 on input line 281.
Package textcomp Info: Setting cmss sub-encoding to TS1/0 on input line 282.
Package textcomp Info: Setting cmtt sub-encoding to TS1/0 on input line 283.
Package textcomp Info: Setting cmvtt sub-encoding to TS1/0 on input line 284.
Package textcomp Info: Setting cmbr sub-encoding to TS1/0 on input line 285.
Package textcomp Info: Setting cmtl sub-encoding to TS1/0 on input line 286.
Package textcomp Info: Setting ccr sub-encoding to TS1/0 on input line 287.
Package textcomp Info: Setting ptm sub-encoding to TS1/4 on input line 288.
Package textcomp Info: Setting pcr sub-encoding to TS1/4 on input line 289.
Package textcomp Info: Setting phv sub-encoding to TS1/4 on input line 290.
Package textcomp Info: Setting ppl sub-encoding to TS1/3 on input line 291.
Package textcomp Info: Setting pag sub-encoding to TS1/4 on input line 292.
Package textcomp Info: Setting pbk sub-encoding to TS1/4 on input line 293.
Package textcomp Info: Setting pnc sub-encoding to TS1/4 on input line 294.
Package textcomp Info: Setting pzc sub-encoding to TS1/4 on input line 295.
Package textcomp Info: Setting bch sub-encoding to TS1/4 on input line 296.
Package textcomp Info: Setting put sub-encoding to TS1/5 on input line 297.
Package textcomp Info: Setting uag sub-encoding to TS1/5 on input line 298.
Package textcomp Info: Setting ugq sub-encoding to TS1/5 on input line 299.
Package textcomp Info: Setting ul8 sub-encoding to TS1/4 on input line 300.
Package textcomp Info: Setting ul9 sub-encoding to TS1/4 on input line 301.
Package textcomp Info: Setting augie sub-encoding to TS1/5 on input line 302.
Package textcomp Info: Setting dayrom sub-encoding to TS1/3 on input line 303.
Package textcomp Info: Setting dayroms sub-encoding to TS1/3 on input line 304.

Package textcomp Info: Setting pxr sub-encoding to TS1/0 on input line 305.
Package textcomp Info: Setting pxss sub-encoding to TS1/0 on input line 306.
Package textcomp Info: Setting pxtt sub-encoding to TS1/0 on input line 307.
Package textcomp Info: Setting txr sub-encoding to TS1/0 on input line 308.
Package textcomp Info: Setting txss sub-encoding to TS1/0 on input line 309.
Package textcomp Info: Setting txtt sub-encoding to TS1/0 on input line 310.
Package textcomp Info: Setting lmr sub-encoding to TS1/0 on input line 311.
Package textcomp Info: Setting lmdh sub-encoding to TS1/0 on input line 312.
Package textcomp Info: Setting lmss sub-encoding to TS1/0 on input line 313.
Package textcomp Info: Setting lmssq sub-encoding to TS1/0 on input line 314.
Package textcomp Info: Setting lmvtt sub-encoding to TS1/0 on input line 315.
Package textcomp Info: Setting qhv sub-encoding to TS1/0 on input line 316.
Package textcomp Info: Setting qag sub-encoding to TS1/0 on input line 317.
Package textcomp Info: Setting qbk sub-encoding to TS1/0 on input line 318.
Package textcomp Info: Setting qcr sub-encoding to TS1/0 on input line 319.
Package textcomp Info: Setting qcs sub-encoding to TS1/0 on input line 320.
Package textcomp Info: Setting qpl sub-encoding to TS1/0 on input line 321.
Package textcomp Info: Setting qtm sub-encoding to TS1/0 on input line 322.
Package textcomp Info: Setting qzc sub-encoding to TS1/0 on input line 323.
Package textcomp Info: Setting qhvc sub-encoding to TS1/0 on input line 324.
Package textcomp Info: Setting futs sub-encoding to TS1/4 on input line 325.
Package textcomp Info: Setting futx sub-encoding to TS1/4 on input line 326.
Package textcomp Info: Setting futj sub-encoding to TS1/4 on input line 327.
Package textcomp Info: Setting hlh sub-encoding to TS1/3 on input line 328.
Package textcomp Info: Setting hls sub-encoding to TS1/3 on input line 329.
Package textcomp Info: Setting hlst sub-encoding to TS1/3 on input line 330.
Package textcomp Info: Setting hlct sub-encoding to TS1/5 on input line 331.
Package textcomp Info: Setting hlx sub-encoding to TS1/5 on input line 332.
Package textcomp Info: Setting hlce sub-encoding to TS1/5 on input line 333.
Package textcomp Info: Setting hlcn sub-encoding to TS1/5 on input line 334.
Package textcomp Info: Setting hlcw sub-encoding to TS1/5 on input line 335.
Package textcomp Info: Setting hlcf sub-encoding to TS1/5 on input line 336.
Package textcomp Info: Setting pplx sub-encoding to TS1/3 on input line 337.
Package textcomp Info: Setting pplj sub-encoding to TS1/3 on input line 338.
Package textcomp Info: Setting ptmx sub-encoding to TS1/4 on input line 339.
Package textcomp Info: Setting ptmj sub-encoding to TS1/4 on input line 340.
)
(d:\CTEX\MiKTeX\tex\latex\base\latexsym.sty
Package: latexsym 1998/08/17 v2.2e Standard LaTeX package (lasy symbols)
\symlasy=\mathgroup6
LaTeX Font Info:    Overwriting symbol font `lasy' in version `bold'
(Font)                  U/lasy/m/n --> U/lasy/b/n on input line 47.
)
(d:\CTEX\MiKTeX\tex\latex\siunitx\siunitx.sty
(d:\CTEX\MiKTeX\tex\latex\l3kernel\expl3.sty
(d:\CTEX\MiKTeX\tex\latex\l3kernel\l3names.sty
(d:\CTEX\MiKTeX\tex\latex\l3kernel\l3bootstrap.sty
Package: l3bootstrap 2011/12/29 v3110 L3 Experimental bootstrap code
)
Package: l3names 2011/12/30 v3113 L3 Experimental namespace for primitives
)
Package: expl3 2012/02/26 v3471 L3 Experimental code bundle wrapper

(d:\CTEX\MiKTeX\tex\latex\l3kernel\l3basics.sty
Package: l3basics 2012/02/26 v3460 L3 Experimental basic definitions
)
(d:\CTEX\MiKTeX\tex\latex\l3kernel\l3expan.sty
Package: l3expan 2012/02/26 v3460 L3 Experimental argument expansion
)
(d:\CTEX\MiKTeX\tex\latex\l3kernel\l3tl.sty
Package: l3tl 2012/02/26 v3460 L3 Experimental token lists
)
(d:\CTEX\MiKTeX\tex\latex\l3kernel\l3seq.sty
Package: l3seq 2012/01/09 v3158 L3 Experimental sequences and stacks
)
(d:\CTEX\MiKTeX\tex\latex\l3kernel\l3int.sty
Package: l3int 2012/02/26 v3460 L3 Experimental integers
\c_max_int=\count143
\l_tmpa_int=\count144
\l_tmpb_int=\count145
\l_tmpc_int=\count146
\g_tmpa_int=\count147
\g_tmpb_int=\count148
)
(d:\CTEX\MiKTeX\tex\latex\l3kernel\l3quark.sty
Package: l3quark 2012/02/12 v3384 L3 Experimental quarks
)
(d:\CTEX\MiKTeX\tex\latex\l3kernel\l3prg.sty
Package: l3prg 2012/02/26 v3464 L3 Experimental control structures
\g_prg_map_int=\count149
)
(d:\CTEX\MiKTeX\tex\latex\l3kernel\l3clist.sty
Package: l3clist 2012/02/26 v3460 L3 Experimental comma separated lists
)
(d:\CTEX\MiKTeX\tex\latex\l3kernel\l3token.sty
Package: l3token 2012/02/26 v3460 L3 Experimental token manipulation
)
(d:\CTEX\MiKTeX\tex\latex\l3kernel\l3prop.sty
Package: l3prop 2012/02/26 v3460 L3 Experimental property lists
)
(d:\CTEX\MiKTeX\tex\latex\l3kernel\l3msg.sty
Package: l3msg 2012/02/26 v3470 L3 Experimental messages
)
(d:\CTEX\MiKTeX\tex\latex\l3kernel\l3file.sty
Package: l3file 2012/02/26 v3464 L3 Experimental file and I/O operations
\l_iow_stream_int=\count150
\l_iow_line_length_int=\count151
\l_iow_target_length_int=\count152
\l_iow_current_line_int=\count153
\l_iow_current_word_int=\count154
\l_iow_current_indentation_int=\count155
)
(d:\CTEX\MiKTeX\tex\latex\l3kernel\l3skip.sty
Package: l3skip 2012/02/26 v3460 L3 Experimental dimensions and skips
\l_tmpa_dim=\dimen167
\l_tmpb_dim=\dimen168
\l_tmpc_dim=\dimen169
\g_tmpa_dim=\dimen170
\g_tmpb_dim=\dimen171
\l_tmpa_skip=\skip85
\l_tmpb_skip=\skip86
\l_tmpc_skip=\skip87
\g_tmpa_skip=\skip88
\g_tmpb_skip=\skip89
)
(d:\CTEX\MiKTeX\tex\latex\l3kernel\l3keys.sty
Package: l3keys 2011/12/22 v3086 L3 Experimental key-value interfaces
\g_keyval_level_int=\count156
\l_keys_choice_int=\count157
)
(d:\CTEX\MiKTeX\tex\latex\l3kernel\l3fp.sty
Package: l3fp 2012/02/06 v3315 L3 Experimental floating-point operations
\c_one_hundred_million=\count158
\c_five_hundred_million=\count159
\c_one_thousand_million=\count160
\c_fp_pi_by_four_decimal_int=\count161
\c_fp_pi_by_four_extended_int=\count162
\c_fp_pi_decimal_int=\count163
\c_fp_pi_extended_int=\count164
\c_fp_two_pi_decimal_int=\count165
\c_fp_two_pi_extended_int=\count166
\l_fp_count_int=\count167
\l_fp_div_offset_int=\count168
\l_fp_exp_integer_int=\count169
\l_fp_exp_decimal_int=\count170
\l_fp_exp_extended_int=\count171
\l_fp_exp_exponent_int=\count172
\l_fp_input_a_sign_int=\count173
\l_fp_input_a_integer_int=\count174
\l_fp_input_a_decimal_int=\count175
\l_fp_input_a_exponent_int=\count176
\l_fp_input_b_sign_int=\count177
\l_fp_input_b_integer_int=\count178
\l_fp_input_b_decimal_int=\count179
\l_fp_input_b_exponent_int=\count180
\l_fp_input_a_extended_int=\count181
\l_fp_input_b_extended_int=\count182
\l_fp_mul_a_i_int=\count183
\l_fp_mul_a_ii_int=\count184
\l_fp_mul_a_iii_int=\count185
\l_fp_mul_a_iv_int=\count186
\l_fp_mul_a_v_int=\count187
\l_fp_mul_a_vi_int=\count188
\l_fp_mul_b_i_int=\count189
\l_fp_mul_b_ii_int=\count190
\l_fp_mul_b_iii_int=\count191
\l_fp_mul_b_iv_int=\count192
\l_fp_mul_b_v_int=\count193
\l_fp_mul_b_vi_int=\count194
\l_fp_mul_output_int=\count195
\l_fp_output_sign_int=\count196
\l_fp_output_integer_int=\count197
\l_fp_output_decimal_int=\count198
Normal \count register pool exhausted, switching to extended pool.
\l_fp_output_exponent_int=\count277
\l_fp_output_extended_int=\count278
\l_fp_round_position_int=\count279
\l_fp_round_target_int=\count280
\l_fp_split_sign_int=\count281
\l_fp_internal_int=\count282
\l_fp_trig_octant_int=\count283
\l_fp_trig_sign_int=\count284
\l_fp_trig_decimal_int=\count285
\l_fp_trig_extended_int=\count286
\l_fp_internal_dim=\dimen172
\l_fp_internal_skip=\skip90
)
(d:\CTEX\MiKTeX\tex\latex\l3kernel\l3box.sty
Package: l3box 2012/02/18 v3432 L3 Experimental boxes
\l_tmpb_box=\box46
\l_box_top_dim=\dimen173
\l_box_bottom_dim=\dimen174
\l_box_left_dim=\dimen175
\l_box_right_dim=\dimen176
\l_box_top_new_dim=\dimen177
\l_box_bottom_new_dim=\dimen178
\l_box_left_new_dim=\dimen179
\l_box_right_new_dim=\dimen180
\l_box_internal_box=\box47
)
(d:\CTEX\MiKTeX\tex\latex\l3kernel\l3coffins.sty
Package: l3coffins 2012/02/26 v3460 L3 Experimental coffin code layer
\l_coffin_internal_box=\box48
\l_coffin_internal_dim=\dimen181
\l_coffin_offset_x_dim=\dimen182
\l_coffin_offset_y_dim=\dimen183
\l_coffin_x_dim=\dimen184
\l_coffin_y_dim=\dimen185
\l_coffin_x_prime_dim=\dimen186
\l_coffin_y_prime_dim=\dimen187
\l_coffin_Depth_dim=\dimen188
\l_coffin_Height_dim=\dimen189
\l_coffin_TotalHeight_dim=\dimen190
\l_coffin_Width_dim=\dimen191
\c_empty_coffin=\box49
\l_coffin_aligned_coffin=\box50
\l_coffin_aligned_internal_coffin=\box51
\l_coffin_bounding_shift_dim=\dimen192
\l_coffin_left_corner_dim=\dimen193
\l_coffin_right_corner_dim=\dimen194
\l_coffin_bottom_corner_dim=\dimen195
\l_coffin_top_corner_dim=\dimen196
\l_coffin_scaled_total_height_dim=\dimen197
\l_coffin_scaled_width_dim=\dimen198
\l_coffin_display_coffin=\box52
\l_coffin_display_coord_coffin=\box53
\l_coffin_display_pole_coffin=\box54
Normal \dimen register pool exhausted, switching to extended pool.
\l_coffin_display_offset_dim=\dimen256
\l_coffin_display_x_dim=\dimen257
\l_coffin_display_y_dim=\dimen258
)
(d:\CTEX\MiKTeX\tex\latex\l3kernel\l3color.sty
Package: l3color 2011/09/07 v2776 L3 Experimental colour support
)
(d:\CTEX\MiKTeX\tex\latex\l3kernel\l3luatex.sty
Package: l3luatex 2012/02/09 v3355 L3 Experimental LuaTeX-specific functions
\g_cctab_allocate_int=\count287
\g_cctab_stack_int=\count288
))
Package: siunitx 2012/01/26 v2.4j A comprehensive (SI) units package

(d:\CTEX\MiKTeX\tex\latex\tools\array.sty
Package: array 2008/09/09 v2.4c Tabular extension package (FMi)
\col@sep=\dimen259
\extrarowheight=\dimen260
\NC@list=\toks31
\extratabsurround=\skip91
\backup@length=\skip92
)
(d:\CTEX\MiKTeX\tex\latex\l3packages\l3keys2e\l3keys2e.sty
(d:\CTEX\MiKTeX\tex\latex\l3packages\xparse\xparse.sty
Package: xparse 2012/02/26 v3471 L3 Experimental document command parser
\l_xparse_current_arg_int=\count289
\l_xparse_m_args_int=\count290
\l_xparse_mandatory_args_int=\count291
\l_xparse_processor_int=\count292
\l_xparse_v_nesting_int=\count293
)
Package: l3keys2e 2012/02/26 v3471 LaTeX2e option processing using LaTeX3 keys
)
\l_siunitx_tmp_box=\box55
\l_siunitx_tmp_dim=\dimen261
\l_siunitx_tmp_int=\count294
Variant \prop_get:NVNT already defined; not changing it on line 363
Variant \prop_get:NVNF already defined; not changing it on line 364
Variant \prop_get:NVNTF already defined; not changing it on line 365
\l_siunitx_number_mantissa_length_int=\count295
\l_siunitx_number_uncert_length_int=\count296
\l_siunitx_round_int=\count297
\l_siunitx_process_decimal_int=\count298
\l_siunitx_process_uncertainty_int=\count299
\l_siunitx_process_fixed_int=\count300
\l_siunitx_process_integer_min_int=\count301
\l_siunitx_process_precision_int=\count302
\l_siunitx_group_min_int=\count303
\l_siunitx_angle_marker_box=\box56
\l_siunitx_angle_unit_box=\box57
\l_siunitx_angle_marker_dim=\dimen262
\l_siunitx_angle_unit_dim=\dimen263
\l_siunitx_unit_int=\count304
\l_siunitx_unit_denominator_int=\count305
\l_siunitx_unit_numerator_int=\count306
\l_siunitx_unit_prefix_int=\count307
\l_siunitx_unit_prefix_base_int=\count308
\l_siunitx_unit_prefix_gram_int=\count309
\l_siunitx_number_product_int=\count310
\c_siunitx_one_fill_skip=\skip93
\l_siunitx_table_unit_align_skip=\skip94
\l_siunitx_table_exponent_dim=\dimen264
\l_siunitx_table_integer_dim=\dimen265
\l_siunitx_table_mantissa_dim=\dimen266
\l_siunitx_table_marker_dim=\dimen267
\l_siunitx_table_result_dim=\dimen268
\l_siunitx_table_uncert_dim=\dimen269
\l_siunitx_table_fill_pre_dim=\dimen270
\l_siunitx_table_fill_post_dim=\dimen271
\l_siunitx_table_fill_mid_dim=\dimen272
\l_siunitx_table_pre_box=\box58
\l_siunitx_table_post_box=\box59
\l_siunitx_table_mantissa_box=\box60
\l_siunitx_table_result_box=\box61
\l_siunitx_table_number_align_skip=\skip95
\l_siunitx_table_text_align_skip=\skip96
.................................................
. LaTeX info: "xparse/define-command"
. 
. Defining document command \DeclareBinaryPrefix with arg. spec. 'mmm' on line
. 6955.
.................................................
.................................................
. LaTeX info: "xparse/define-command"
. 
. Defining document command \DeclareSIPostPower with arg. spec. 'mm' on line
. 6958.
.................................................
.................................................
. LaTeX info: "xparse/define-command"
. 
. Defining document command \DeclareSIPrefix with arg. spec. 'mmm' on line
. 6961.
.................................................
.................................................
. LaTeX info: "xparse/define-command"
. 
. Defining document command \DeclareSIPrePower with arg. spec. 'mm' on line
. 6964.
.................................................
.................................................
. LaTeX info: "xparse/define-command"
. 
. Defining document command \DeclareSIQualifier with arg. spec. 'mm' on line
. 6967.
.................................................
.................................................
. LaTeX info: "xparse/define-command"
. 
. Defining document command \DeclareSIUnit with arg. spec. 'O{}mm' on line
. 6970.
.................................................
.................................................
. LaTeX info: "xparse/define-command"
. 
. Defining document command \DeclareSIUnitWithOptions with arg. spec. 'mmm' on
. line 6973.
.................................................
.................................................
. LaTeX info: "xparse/define-command"
. 
. Defining document command \ang with arg. spec. 'o>{\SplitArgument {2}{;}}m'
. on line 6988.
.................................................
.................................................
. LaTeX info: "xparse/define-command"
. 
. Defining document command \num with arg. spec. 'om' on line 6996.
.................................................
.................................................
. LaTeX info: "xparse/define-command"
. 
. Defining document command \numlist with arg. spec. 'o>{\SplitList {;}}m' on
. line 7004.
.................................................
.................................................
. LaTeX info: "xparse/define-command"
. 
. Defining document command \numrange with arg. spec. 'omm' on line 7012.
.................................................
.................................................
. LaTeX info: "xparse/define-command"
. 
. Defining document command \SIlist with arg. spec. 'o>{\SplitList {;}}mm' on
. line 7023.
.................................................
.................................................
. LaTeX info: "xparse/define-command"
. 
. Defining document command \SIrange with arg. spec. 'ommm' on line 7034.
.................................................
.................................................
. LaTeX info: "xparse/define-command"
. 
. Defining document command \SI with arg. spec. 'omom' on line 7045.
.................................................
.................................................
. LaTeX info: "xparse/define-command"
. 
. Defining document command \sisetup with arg. spec. 'm' on line 7048.
.................................................
.................................................
. LaTeX info: "xparse/define-command"
. 
. Defining document command \tablenum with arg. spec. 'om' on line 7060.
.................................................
.................................................
. LaTeX info: "xparse/define-command"
. 
. Defining document command \si with arg. spec. 'om' on line 7071.
.................................................
.................................................
. LaTeX info: "xparse/define-command"
. 
. Defining document command \siunitx_bookmark_num:w with arg. spec. 'om' on
. line 7115.
.................................................
.................................................
. LaTeX info: "xparse/define-command"
. 
. Defining document command \siunitx_bookmark_numrange:w with arg. spec. 'omm'
. on line 7117.
.................................................
.................................................
. LaTeX info: "xparse/define-command"
. 
. Defining document command \siunitx_bookmark_SI:w with arg. spec. 'omom' on
. line 7119.
.................................................
.................................................
. LaTeX info: "xparse/define-command"
. 
. Defining document command \siunitx_bookmark_SIlist:w with arg. spec. 'omm'
. on line 7121.
.................................................
.................................................
. LaTeX info: "xparse/define-command"
. 
. Defining document command \siunitx_bookmark_SIrange:w with arg. spec. 'ommm'
. on line 7123.
.................................................
.................................................
. LaTeX info: "xparse/define-command"
. 
. Defining document command \siunitx_bookmark_si:w with arg. spec. 'om' on
. line 7124.
.................................................
\g_ior_internal_ior=\read1

(d:\CTEX\MiKTeX\tex\latex\beamer\base\translator\translator.sty
Package: translator 2010/06/12 ver 1.10

(d:\CTEX\MiKTeX\tex\latex\beamer\base\translator\translator-language-mappings.t
ex))) (d:\CTEX\MiKTeX\tex\latex\tools\bm.sty
Package: bm 2004/02/26 v1.1c Bold Symbol Support (DPC/FMi)
\symboldoperators=\mathgroup7
\symboldletters=\mathgroup8
\symboldsymbols=\mathgroup9
\symboldlasy=\mathgroup10
LaTeX Font Info:    Redeclaring math alphabet \mathbf on input line 138.
LaTeX Info: Redefining \bm on input line 204.
)
(d:\CTEX\MiKTeX\tex\latex\units\nicefrac.sty
Package: nicefrac 1998/08/04 v0.9b Nice fractions
\L@UnitsRaiseDisplaystyle=\skip97
\L@UnitsRaiseTextstyle=\skip98
\L@UnitsRaiseScriptstyle=\skip99
)
(d:\CTEX\MiKTeX\tex\latex\threeparttable\threeparttable.sty
Package: threeparttable 2003/06/13  v 3.0
\@tempboxb=\box62
)
(d:\CTEX\MiKTeX\tex\latex\makecell\makecell.sty
Package: makecell 2009/08/03 V0.1e Managing of Tab Column Heads and Cells
\rotheadsize=\dimen273
\c@nlinenum=\count311
\TeXr@lab=\toks32
)
(d:\CTEX\MiKTeX\tex\latex\multirow\multirow.sty
\bigstrutjot=\dimen274
)
Package hyperref Info: Option `pdfdisplaydoctitle' set `true' on input line 146
.
\c@theorem=\count312

(d:\CTEX\MiKTeX\tex\latex\preprint\balance.sty
Package: balance 1999/02/23 4.3 (PWD)
\oldvsize=\dimen275
) Excluding comment 'screenonly'
Include comment 'printonly' Include comment 'anonsuppress'

LaTeX Warning: Unused global option(s):
    [sigconf].

(C:\Users\LENOVO\Desktop\ITER论文texstudio\sample-sigconf.aux)
LaTeX Font Info:    Checking defaults for OML/cmm/m/it on input line 146.
LaTeX Font Info:    ... okay on input line 146.
LaTeX Font Info:    Checking defaults for T1/cmr/m/n on input line 146.
LaTeX Font Info:    ... okay on input line 146.
LaTeX Font Info:    Checking defaults for OT1/cmr/m/n on input line 146.
LaTeX Font Info:    ... okay on input line 146.
LaTeX Font Info:    Checking defaults for OMS/cmsy/m/n on input line 146.
LaTeX Font Info:    ... okay on input line 146.
LaTeX Font Info:    Checking defaults for OMX/cmex/m/n on input line 146.
LaTeX Font Info:    ... okay on input line 146.
LaTeX Font Info:    Checking defaults for U/cmr/m/n on input line 146.
LaTeX Font Info:    ... okay on input line 146.
LaTeX Font Info:    Checking defaults for PD1/pdf/m/n on input line 146.
LaTeX Font Info:    ... okay on input line 146.
LaTeX Font Info:    Checking defaults for PU/pdf/m/n on input line 146.
LaTeX Font Info:    ... okay on input line 146.
LaTeX Font Info:    Checking defaults for TS1/cmr/m/n on input line 146.
LaTeX Font Info:    Try loading font information for TS1+cmr on input line 146.


(d:\CTEX\MiKTeX\tex\latex\base\ts1cmr.fd
File: ts1cmr.fd 1999/05/25 v2.5h Standard LaTeX font definitions
)
LaTeX Font Info:    ... okay on input line 146.
Requested font "cmex7" at 7.0pt
 -> cmex7
Requested font "cmex7" at 5.0pt
 -> cmex7
LaTeX Font Info:    Try loading font information for U+msa on input line 146.

(d:\CTEX\MiKTeX\tex\latex\amsfonts\umsa.fd
File: umsa.fd 2009/06/22 v3.00 AMS symbols A
)
Requested font "msam7" at 7.0pt
 -> msam7
Requested font "msam5" at 5.0pt
 -> msam5
LaTeX Font Info:    Try loading font information for U+msb on input line 146.

(d:\CTEX\MiKTeX\tex\latex\amsfonts\umsb.fd
File: umsb.fd 2009/06/22 v3.00 AMS symbols B
)
Requested font "msbm7" at 7.0pt
 -> msbm7
Requested font "msbm5" at 5.0pt
 -> msbm5
LaTeX Font Info:    Try loading font information for U+lasy on input line 146.

(d:\CTEX\MiKTeX\tex\latex\base\ulasy.fd
File: ulasy.fd 1998/08/17 v2.2e LaTeX symbol font definitions
)
Requested font "lasy7" at 7.0pt
 -> lasy7
Requested font "lasy5" at 5.0pt
 -> lasy5
Requested font "cmbx7" at 7.0pt
 -> cmbx7
Requested font "cmbx5" at 5.0pt
 -> cmbx5
Requested font "cmmib7" at 7.0pt
 -> cmmib7
Requested font "cmmib5" at 5.0pt
 -> cmmib5
Requested font "cmbsy7" at 7.0pt
 -> cmbsy7
Requested font "cmbsy5" at 5.0pt
 -> cmbsy5
LaTeX Font Info:    Font shape `U/lasy/b/n' in size <7> not available
(Font)              Font shape `U/lasy/m/n' tried instead on input line 146.
LaTeX Font Info:    Font shape `U/lasy/b/n' in size <5> not available
(Font)              Font shape `U/lasy/m/n' tried instead on input line 146.
 ABD: EveryShipout initializing macros
\AtBeginShipoutBox=\box63
Package hyperref Info: Link coloring OFF on input line 146.

(d:\CTEX\MiKTeX\tex\latex\hyperref\nameref.sty
Package: nameref 2010/04/30 v2.40 Cross-referencing by name of section

(d:\CTEX\MiKTeX\tex\generic\oberdiek\gettitlestring.sty
Package: gettitlestring 2010/12/03 v1.4 Cleanup title references (HO)
)
\c@section@level=\count313
)
LaTeX Info: Redefining \ref on input line 146.
LaTeX Info: Redefining \pageref on input line 146.
LaTeX Info: Redefining \nameref on input line 146.

(C:\Users\LENOVO\Desktop\ITER论文texstudio\sample-sigconf.out)
(C:\Users\LENOVO\Desktop\ITER论文texstudio\sample-sigconf.out)
\@outlinefile=\write5

(d:\CTEX\MiKTeX\tex\generic\oberdiek\se-pdfdoc.def
File: se-pdfdoc.def 2010/03/01 v1.8 stringenc: PDFDocEncoding
)
*geometry* detected driver: pdftex
*geometry* verbose mode - [ preamble ] result:
* driver: pdftex
* paper: custom
* layout: <same size as paper>
* layoutoffset:(h,v)=(0.0pt,0.0pt)
* modes: includehead includefoot twoside heightrounded 
* h-part:(L,W,R)=(54.0pt, 506.295pt, 54.0pt)
* v-part:(T,H,B)=(57.0pt, 664.96999pt, 73.0pt)
* \paperwidth=614.295pt
* \paperheight=794.96999pt
* \textwidth=506.295pt
* \textheight=626.0pt
* \oddsidemargin=-18.26999pt
* \evensidemargin=-18.26999pt
* \topmargin=-15.26999pt
* \headheight=13.0pt
* \headsep=14.0pt
* \topskip=10.0pt
* \footskip=12.0pt
* \marginparwidth=24.0pt
* \marginparsep=11.0pt
* \columnsep=24.0pt
* \skip\footins=7.0pt plus 11.0pt
* \hoffset=0.0pt
* \voffset=0.0pt
* \mag=1000
* \@twocolumnfalse
* \@twosidetrue
* \@mparswitchtrue
* \@reversemarginfalse
* (1in=72.27pt=25.4mm, 1cm=28.453pt)

Package caption Info: Begin \AtBeginDocument code.
Package caption Info: float package is loaded.
Package caption Info: threeparttable package is loaded.
Package caption Info: End \AtBeginDocument code.

(d:\CTEX\MiKTeX\tex\latex\beamer\base\translator\dicts\translator-basic-diction
ary\translator-basic-dictionary-English.dict
Dictionary: translator-basic-dictionary, Language: English 
)
(d:\CTEX\MiKTeX\tex\latex\siunitx\config\siunitx-abbreviations.cfg
File: siunitx-abbreviations.cfg 2012/01/26 v2.4j siunitx: Abbreviated units
)
(d:\CTEX\MiKTeX\tex\latex\siunitx\config\siunitx-binary.cfg
File: siunitx-binary.cfg 2012/01/26 v2.4j siunitx: Binary units
)
\c_siunitx_mathsf_int=\count314
Requested font "cmr6" at 6.0pt
 -> cmr6
Requested font "cmmi9" at 9.0pt
 -> cmmi9
Requested font "cmmi6" at 6.0pt
 -> cmmi6
Requested font "cmsy9" at 9.0pt
 -> cmsy9
Requested font "cmsy6" at 6.0pt
 -> cmsy6
Requested font "cmex9" at 9.0pt
 -> cmex9
Requested font "cmex7" at 6.0pt
 -> cmex7
Requested font "msam10" at 9.0pt
 -> msam10
Requested font "msam7" at 6.0pt
 -> msam7
Requested font "msbm10" at 9.0pt
 -> msbm10
Requested font "msbm7" at 6.0pt
 -> msbm7
Requested font "lasy9" at 9.0pt
 -> lasy9
Requested font "lasy6" at 6.0pt
 -> lasy6
Requested font "cmbx9" at 9.0pt
 -> cmbx9
Requested font "cmbx6" at 6.0pt
 -> cmbx6
Requested font "cmmib9" at 9.0pt
 -> cmmib9
Requested font "cmmib6" at 6.0pt
 -> cmmib6
Requested font "cmbsy9" at 9.0pt
 -> cmbsy9
Requested font "cmbsy6" at 6.0pt
 -> cmbsy6
LaTeX Font Info:    Font shape `U/lasy/b/n' in size <9> not available
(Font)              Font shape `U/lasy/m/n' tried instead on input line 146.
LaTeX Font Info:    Font shape `U/lasy/b/n' in size <6> not available
(Font)              Font shape `U/lasy/m/n' tried instead on input line 146.
Requested font "cmss9" at 9.0pt
 -> cmss9
Requested font "cmss8" at 6.0pt
 -> cmss8
Requested font "cmss8" at 5.0pt
 -> cmss8
\c_siunitx_mathtt_int=\count315
Requested font "cmtt9" at 9.0pt
 -> cmtt9
Requested font "cmtt8" at 6.0pt
 -> cmtt8
Requested font "cmtt8" at 5.0pt
 -> cmtt8
Requested font "cmr17" at 17.28pt
 -> cmr17
Requested font "cmss17" at 17.28pt
 -> cmss17
Requested font "cmssbx10" at 17.28pt
 -> cmssbx10
Requested font "cmr12" at 12.0pt
 -> cmr12
Requested font "cmti7" at 7.0pt
 -> cmti7
Requested font "tcrm0700" at 7.0pt
 -> tcrm0700
Requested font "cmss8" at 7.0pt
 -> cmss8
Requested font "cmtt8" at 7.0pt
 -> cmtt8
Requested font "cmbx10" at 10.95pt
 -> cmbx10

Overfull \hbox (8.09546pt too wide) in paragraph at lines 207--207
\OT1/cmr/m/n/9 mis-in-for-ma-tion d-if-fu-sion. In this con-tex-t, the Friedkin
--Johnsen
 []


Overfull \hbox (5.08342pt too wide) in paragraph at lines 207--207
\OT1/cmr/m/n/9 Opinion Dy-nam-ic-s, On-line So-cial Net-work-s, Friedkin--Johns
en
 []

Requested font "cmr8" at 8.0pt
 -> cmr8
Requested font "cmbx8" at 8.0pt
 -> cmbx8
Requested font "cmti8" at 8.0pt
 -> cmti8
Requested font "cmmi8" at 8.0pt
 -> cmmi8
Requested font "cmsy8" at 8.0pt
 -> cmsy8
Requested font "cmex8" at 8.0pt
 -> cmex8
Requested font "cmss8" at 8.0pt
 -> cmss8
Requested font "cmtt8" at 8.0pt
 -> cmtt8
Requested font "msam10" at 8.0pt
 -> msam10
Requested font "msbm10" at 8.0pt
 -> msbm10
Requested font "lasy8" at 8.0pt
 -> lasy8
Requested font "cmmib8" at 8.0pt
 -> cmmib8
Requested font "cmbsy8" at 8.0pt
 -> cmbsy8
LaTeX Font Info:    Font shape `U/lasy/b/n' in size <8> not available
(Font)              Font shape `U/lasy/m/n' tried instead on input line 207.

Overfull \hbox (1.8737pt too wide) in paragraph at lines 207--207
\OT1/cmr/m/n/8 Friedkin-Johnsen Mod-el. In \OT1/cmr/m/it/8 . \OT1/cmr/m/n/8 ACM
, New Y-ork, NY, US-A, []13[] pages.
 []

Missing character: There is no – in font cmr9!
Missing character: There is no ’ in font cmr9!
Missing character: There is no ’ in font cmr9!
Missing character: There is no ’ in font cmr9!
Missing character: There is no – in font cmr9!
Missing character: There is no ’ in font cmr9!

Underfull \vbox (badness 10000) has occurred while \output is active []

 [1.1

]
Overfull \hbox (2.62517pt too wide) in paragraph at lines 225--227
[]\OT1/cmr/m/n/9 Extensive ex-per-i-ments on real-world net-work-s demon-strate

 []

Requested font "cmbxti10" at 9.0pt
 -> cmbxti10
Requested font "cmbxti10" at 6.0pt
 -> cmbxti10
Requested font "cmbxti10" at 5.0pt
 -> cmbxti10

Underfull \vbox (badness 10000) has occurred while \output is active []


Overfull \hbox (1.09183pt too wide) in paragraph at lines 297--301
\OT1/cmr/m/n/9 latest-opinion-based it-er-a-tions that im-me-di-ate-ly ex-ploit
 new-
 []

[2.2]
Requested font "cmti9" at 9.0pt
 -> cmti9
Requested font "cmcsc10" at 9.0pt
 -> cmcsc10

Overfull \hbox (3.0709pt too wide) in paragraph at lines 345--346
[][][]\OT1/cmr/m/sc/9 Theorem 5.1 (Con-ver-gence and Lin-ear Rate of Lat-
 []

[3.3]
Overfull \hbox (1.26202pt too wide) in paragraph at lines 480--482
[][][]\OT1/cmr/m/sc/9 Lemma 5.2 (Resid-u-al-Er-ror Re-la-tion). []\OT1/cmr/m/it
/9 Let $[][]$ de-
 []


LaTeX Font Warning: Command \SMALL invalid in math mode on input line 485.

Requested font "cmti7" at 6.0pt
 -> cmti7

LaTeX Font Warning: Command \tiny invalid in math mode on input line 485.

Requested font "cmti7" at 5.0pt
 -> cmti7

LaTeX Font Warning: Command \tiny invalid in math mode on input line 485.


LaTeX Font Warning: Command \SMALL invalid in math mode on input line 485.


LaTeX Font Warning: Command \SMALL invalid in math mode on input line 485.


Overfull \hbox (26.4834pt too wide) in paragraph at lines 543--553
\OT1/cmr/m/n/9 the al-go-rith-m ter-mi-nates at $\OMS/cmsy/m/n/9 k\OML/cmm/m/it
/9 r\OMS/cmsy/m/n/9 k[] \OML/cmm/m/it/9 < ^^O$ \OT1/cmr/m/n/9 with-in at most $
\OML/cmm/m/it/9 ln\OT1/cmr/m/n/9 (\OML/cmm/m/it/9 ^^O\OT1/cmr/m/n/9 )\OML/cmm/m
/it/9 =ln\OT1/cmr/m/n/9 (\OMS/cmsy/m/n/9 k\OT1/cmr/m/n/9 ([] +
 []


Overfull \hbox (14.64665pt too wide) in paragraph at lines 543--553
\OT1/cmr/m/n/9 yield-s an ex-plic-it graph-parameter bound, $\OML/cmm/m/it/9 T 
 \OMS/cmsy/m/n/9 ^^T  [] \OML/cmm/m/it/9 :$
 []

[4.4]
Overfull \hbox (11.33661pt too wide) in paragraph at lines 597--600
[]\OT1/cmr/m/n/9 To mod-el such self-interaction, we in-tro-duce a gain-control
led
 []


Overfull \hbox (9.36731pt too wide) in paragraph at lines 616--619
\OT1/cmr/m/n/9 con-ver-gence be-hav-ior in chal-leng-ing s-ce-nar-ios. While th
e latest-
 []


Overfull \hbox (4.8043pt too wide) in paragraph at lines 648--649
[]\OT1/cmr/m/n/9 We nex-t an-a-lyze the con-ver-gence of the memory-augmented
 []


Overfull \hbox (4.81969pt too wide) in paragraph at lines 652--653
[][][]\OT1/cmr/m/sc/9 Lemma 5.4 (Con-ver-gence range for Mem-o-I-ter). []\OT1/c
mr/m/it/9 Ma-
 []

Missing character: There is no – in font cmr9!

Overfull \hbox (13.21448pt too wide) in paragraph at lines 666--666
[] 
 []

[5.5]
Overfull \hbox (16.06688pt too wide) in paragraph at lines 704--712
\OT1/cmr/m/n/9 ra-dius of $\OMS/cmsy/m/n/9 L[]$ \OT1/cmr/m/n/9 is $\OML/cmm/m/i
t/9 ^^Z\OT1/cmr/m/n/9 (\OMS/cmsy/m/n/9 L[]\OT1/cmr/m/n/9 ) = [][] [][]\OMS/cmsy
/m/n/9 j\OML/cmm/m/it/9 ^^U[]\OT1/cmr/m/n/9 (\OML/cmm/m/it/9 !; ^^V\OT1/cmr/m/n
/9 )\OMS/cmsy/m/n/9 j\OML/cmm/m/it/9 ; \OMS/cmsy/m/n/9 j\OML/cmm/m/it/9 ^^U[]\O
T1/cmr/m/n/9 (\OML/cmm/m/it/9 !; ^^V\OT1/cmr/m/n/9 )\OMS/cmsy/m/n/9 j[]\OML/cmm
/m/it/9 :$
 []

[6.6]
Overfull \hbox (37.38232pt too wide) detected at line 842
[] \OT1/cmr/m/n/9 = [] \OML/cmm/m/it/9 ;  [] \OT1/cmr/m/n/9 = [] \OML/cmm/m/it/
9 :
 []

[7.7]
Missing character: There is no character number "1D45B in font cmr9!
Missing character: There is no character number "1D45A in font cmr9!

Overfull \hbox (14.66405pt too wide) in paragraph at lines 1031--1034
\OT1/cmr/m/n/9 com-pare our three pro-posed al-go-rithm-s \OT1/cmr/m/sc/9 Lat-e
stIter\OT1/cmr/m/n/9 ,\OT1/cmr/m/sc/9 MemoIter
 []


Overfull \hbox (6.13863pt too wide) in paragraph at lines 1031--1034
\OT1/cmr/m/n/9 , and \OT1/cmr/m/sc/9 Sec-on-dIter \OT1/cmr/m/n/9 with t-wo stat
e-of-the-art al-go-rithm-s, name-
 []


Overfull \hbox (11.07214pt too wide) in paragraph at lines 1046--1049
\OT1/cmr/m/n/9 vari-ant \OT1/cmr/m/sc/9 Mem-o-I-ter \OT1/cmr/m/n/9 fur-ther re-
duce the run-ning time on medium-
 []

[8.8]
Overfull \hbox (7.61394pt too wide) in paragraph at lines 1056--1059
[]\OT1/cmr/m/n/9 The re-sult-s in-di-cate that \OT1/cmr/m/sc/9 LI \OT1/cmr/m/n/
9 and \OT1/cmr/m/sc/9 LISOR \OT1/cmr/m/n/9 con-sis-tent-ly achieve
 []


Overfull \hbox (6.70845pt too wide) in paragraph at lines 1056--1059
\OT1/cmr/m/n/9 oc-ca-sion-al-ly ex-hibit-s s-light-ly larg-er er-rors on some l
arge graph-
 []


LaTeX Font Warning: Font shape `OT1/cmr/bx/sc' undefined
(Font)              using `OT1/cmr/bx/n' instead on input line 1084.


Overfull \hbox (7.83873pt too wide) in paragraph at lines 1169--1170
[]\OT1/cmr/m/n/9 To fur-ther en-hance s-cal-a-bil-i-ty, we pro-posed a push--sa
mpling
 []

(C:\Users\LENOVO\Desktop\ITER论文texstudio\sample-sigconf.bbl)

LaTeX Font Warning: Font shape `OT1/cmss/m/it' in size <9> not available
(Font)              Font shape `OT1/cmss/m/sl' tried instead on input line 1223
.

Requested font "cmssi9" at 9.0pt
 -> cmssi9

Package balance Warning: You have called \balance in second column
(balance)                Columns might not be balanced.

[9.9] [10.10]
Overfull \hbox (8.65826pt too wide) in paragraph at lines 1334--1335
[][][]\OT1/cmr/m/sc/9 Lemma B.5. []\OT1/cmr/m/it/9 Through-out the it-er-a-tion
s of the Gauss--Seidel--
 []


Overfull \hbox (5.33725pt too wide) in paragraph at lines 1355--1358
\OT1/cmr/m/n/9 There-fore, through-out the Gauss--Seidel--equivalent it-er-a-ti
ons,
 []


Overfull \hbox (6.26086pt too wide) detected at line 1471
\OT1/cmr/bx/sc/9 y[] \OT1/cmr/m/n/9 = 2(1 \OMS/cmsy/m/n/9 ^^@ \OML/cmm/m/it/9 ^
^K\OT1/cmr/m/n/9 ) [] + [][]\OML/cmm/m/it/9 :
 []


Overfull \hbox (13.65385pt too wide) detected at line 1480
\OT1/cmr/bx/sc/9 x[] \OT1/cmr/m/n/9 = []\OML/cmm/m/it/9 AD[]\OT1/cmr/bx/sc/9 x[
] \OMS/cmsy/m/n/9 ^^@ []\OT1/cmr/bx/sc/9 x[] \OT1/cmr/m/n/9 + []\OT1/cmr/bx/sc/
9 v\OML/cmm/m/it/9 :
 []

[11.11]
Overfull \hbox (3.80103pt too wide) in paragraph at lines 1549--1555
\OT1/cmr/m/n/9 method. N-ev-er-the-less, we use s-tan-dard mo-men-tum tech-niqu
es
 []


Overfull \hbox (25.70334pt too wide) in paragraph at lines 1549--1555
\OT1/cmr/m/n/9 and lever-age the ad-van-tage of con-tin-u-ous mem-o-ry. Our mom
entum-
 []


Overfull \vbox (1.21689pt too high) has occurred while \output is active []


[12.12]

Class acmart Warning: CCS concepts are mandatory for papers over two pages.

[13.13]
Package atveryend Info: Empty hook `BeforeClearDocument' on input line 1629.
Package atveryend Info: Empty hook `AfterLastShipout' on input line 1629.
 (C:\Users\LENOVO\Desktop\ITER论文texstudio\sample-sigconf.aux)
Package atveryend Info: Empty hook `AtVeryEndDocument' on input line 1629.
Package atveryend Info: Empty hook `AtEndAfterFileList' on input line 1629.


LaTeX Font Warning: Some font shapes were not available, defaults substituted.

 ) 
Here is how much of TeX's memory you used:
 21584 strings out of 430478
 366090 string characters out of 3191502
 495819 words of memory out of 3000000
 24255 multiletter control sequences out of 15000+200000
 22380 words of font info for 84 fonts, out of 3000000 for 9000
 175 hyphenation exceptions out of 8191
 60i,24n,94p,1270b,848s stack positions out of 5000i,500n,10000p,200000b,50000s

Output written on sample-sigconf.pdf (13 pages).
